2168116341
2168116341
7037127139
7037127139
7043138752
7037127139
10973788354
10973788354
10973788354
7037127139
