2 1 2 2 1 0 0 1 1 0 1 1 1 1 2 0 2 0 0 1 
[2,7]: 1 2 2 1 0 0 
[3,8]: 2 2 1 0 0 1 
[4,6]: 2 1 0 
[13,18]: 1 1 2 0 2 0 
[14,16]: 1 2 0 
5