16
kqb
iv
qdzuurpb
kwpu
tyrmoti
avh
ss
ipa
pdxjvxobj
dicedyzsq
kthtrpfyz
aq
wqmncjgp
ff
upsjjh
rjsuukla
